// Jest Snapshot v1, https://goo.gl/fbAQLP

exports[`matches snapshot 1`] = `
<div
  data-testid="project"
>
  <div
    className="card"
    style={
      Object {
        "width": "18rem",
      }
    }
  >
    <img
      className="card-img-top"
      src="./img/bacon.png"
    />
    <div
      className="card-body"
    >
      <div
        className="card-title h5"
      >
        Bacon
      </div>
      <div
        className="list-group"
        onKeyDown={[Function]}
      >
        <div
          className="list-group-item"
          data-rr-ui-event-key={null}
          onClick={[Function]}
        >
          Short ribs
        </div>
        <div
          className="list-group-item"
          data-rr-ui-event-key={null}
          onClick={[Function]}
        >
          chuck
        </div>
        <div
          className="list-group-item"
          data-rr-ui-event-key={null}
          onClick={[Function]}
        >
          pastrami
        </div>
        <div
          className="list-group-item"
          data-rr-ui-event-key={null}
          onClick={[Function]}
        >
          corned beef
        </div>
        <div
          className="list-group-item"
          data-rr-ui-event-key={null}
          onClick={[Function]}
        >
          chicken
        </div>
      </div>
      <p
        className="card-text"
      >
        Bacon ipsum dolor amet chislic ribeye drumstick buffalo jowl beef ribs cow bresaola pig brisket hamburger. Andouille picanha jerky cupim ground round filet mignon tenderloin sirloin venison ribeye turducken. Andouille tenderloin ground round pastrami rump pork chop, sausage buffalo porchetta kevin pancetta jerky hamburger. Shank pork beef, spare ribs tri-tip pork belly doner beef ribs strip steak meatball hamburger short loin jerky. Pork rump meatloaf frankfurter cow short loin drumstick venison tenderloin tail beef ribs. Ham alcatra chuck, boudin burgdoggen t-bone beef cow doner pastrami shoulder chicken drumstick capicola spare ribs.
      </p>
      <a
        className="btn btn-primary btn-lg"
        disabled={false}
        href="https://github.com/petenelson/bacon-ipsum"
        onClick={[Function]}
        onKeyDown={[Function]}
        rel="noopener noreferrer"
        role="button"
        tabIndex={0}
        target="_blank"
      >
        Repo
      </a>
      <a
        className="btn btn-primary btn-lg"
        disabled={false}
        href="https://baconipsum.com/"
        onClick={[Function]}
        onKeyDown={[Function]}
        rel="noopener noreferrer"
        role="button"
        tabIndex={0}
        target="_blank"
      >
        Demo
      </a>
    </div>
  </div>
</div>
`;
