// Jest Snapshot v1, https://goo.gl/fbAQLP

exports[`matches snapshot 1`] = `
<div
  data-testid="projects"
>
  <a
    data-testid="project"
    href=""
  >
    <div
      className="card"
      style={
        Object {
          "width": "18rem",
        }
      }
    >
      <img
        className="card-img-top"
        src="holder.js/100px180"
      />
      <div
        className="card-body"
      >
        <div
          className="my-2 list-group list-group-horizontal-sm"
          onKeyDown={[Function]}
        >
          <div
            className="list-group-item"
            data-rr-ui-event-key={null}
            onClick={[Function]}
          >
            Tech
          </div>
          <div
            className="list-group-item"
            data-rr-ui-event-key={null}
            onClick={[Function]}
          >
            stack
          </div>
          <div
            className="list-group-item"
            data-rr-ui-event-key={null}
            onClick={[Function]}
          >
            from
          </div>
          <div
            className="list-group-item"
            data-rr-ui-event-key={null}
            onClick={[Function]}
          >
            info.json
          </div>
          <div
            className="list-group-item"
            data-rr-ui-event-key={null}
            onClick={[Function]}
          >
            array
          </div>
          <div
            className="list-group-item"
            data-rr-ui-event-key={null}
            onClick={[Function]}
          >
            renders
          </div>
          <div
            className="list-group-item"
            data-rr-ui-event-key={null}
            onClick={[Function]}
          >
            here
          </div>
        </div>
        <div
          className="my-2 list-group list-group-horizontal-md"
          onKeyDown={[Function]}
        >
          <div
            className="list-group-item"
            data-rr-ui-event-key={null}
            onClick={[Function]}
          >
            Tech
          </div>
          <div
            className="list-group-item"
            data-rr-ui-event-key={null}
            onClick={[Function]}
          >
            stack
          </div>
          <div
            className="list-group-item"
            data-rr-ui-event-key={null}
            onClick={[Function]}
          >
            from
          </div>
          <div
            className="list-group-item"
            data-rr-ui-event-key={null}
            onClick={[Function]}
          >
            info.json
          </div>
          <div
            className="list-group-item"
            data-rr-ui-event-key={null}
            onClick={[Function]}
          >
            array
          </div>
          <div
            className="list-group-item"
            data-rr-ui-event-key={null}
            onClick={[Function]}
          >
            renders
          </div>
          <div
            className="list-group-item"
            data-rr-ui-event-key={null}
            onClick={[Function]}
          >
            here
          </div>
        </div>
        <div
          className="my-2 list-group list-group-horizontal-lg"
          onKeyDown={[Function]}
        >
          <div
            className="list-group-item"
            data-rr-ui-event-key={null}
            onClick={[Function]}
          >
            Tech
          </div>
          <div
            className="list-group-item"
            data-rr-ui-event-key={null}
            onClick={[Function]}
          >
            stack
          </div>
          <div
            className="list-group-item"
            data-rr-ui-event-key={null}
            onClick={[Function]}
          >
            from
          </div>
          <div
            className="list-group-item"
            data-rr-ui-event-key={null}
            onClick={[Function]}
          >
            info.json
          </div>
          <div
            className="list-group-item"
            data-rr-ui-event-key={null}
            onClick={[Function]}
          >
            array
          </div>
          <div
            className="list-group-item"
            data-rr-ui-event-key={null}
            onClick={[Function]}
          >
            renders
          </div>
          <div
            className="list-group-item"
            data-rr-ui-event-key={null}
            onClick={[Function]}
          >
            here
          </div>
        </div>
        <div
          className="my-2 list-group list-group-horizontal-xl"
          onKeyDown={[Function]}
        >
          <div
            className="list-group-item"
            data-rr-ui-event-key={null}
            onClick={[Function]}
          >
            Tech
          </div>
          <div
            className="list-group-item"
            data-rr-ui-event-key={null}
            onClick={[Function]}
          >
            stack
          </div>
          <div
            className="list-group-item"
            data-rr-ui-event-key={null}
            onClick={[Function]}
          >
            from
          </div>
          <div
            className="list-group-item"
            data-rr-ui-event-key={null}
            onClick={[Function]}
          >
            info.json
          </div>
          <div
            className="list-group-item"
            data-rr-ui-event-key={null}
            onClick={[Function]}
          >
            array
          </div>
          <div
            className="list-group-item"
            data-rr-ui-event-key={null}
            onClick={[Function]}
          >
            renders
          </div>
          <div
            className="list-group-item"
            data-rr-ui-event-key={null}
            onClick={[Function]}
          >
            here
          </div>
        </div>
        <div
          className="my-2 list-group list-group-horizontal-xxl"
          onKeyDown={[Function]}
        >
          <div
            className="list-group-item"
            data-rr-ui-event-key={null}
            onClick={[Function]}
          >
            Tech
          </div>
          <div
            className="list-group-item"
            data-rr-ui-event-key={null}
            onClick={[Function]}
          >
            stack
          </div>
          <div
            className="list-group-item"
            data-rr-ui-event-key={null}
            onClick={[Function]}
          >
            from
          </div>
          <div
            className="list-group-item"
            data-rr-ui-event-key={null}
            onClick={[Function]}
          >
            info.json
          </div>
          <div
            className="list-group-item"
            data-rr-ui-event-key={null}
            onClick={[Function]}
          >
            array
          </div>
          <div
            className="list-group-item"
            data-rr-ui-event-key={null}
            onClick={[Function]}
          >
            renders
          </div>
          <div
            className="list-group-item"
            data-rr-ui-event-key={null}
            onClick={[Function]}
          >
            here
          </div>
        </div>
        <p
          className="card-text"
        >
          Text
        </p>
        <p
          className="card-text"
        >
          About
        </p>
      </div>
    </div>
  </a>
</div>
`;
