// Jest Snapshot v1, https://goo.gl/fbAQLP

exports[`matches snapshot 1`] = `
<div
  className="card"
  style={
    Object {
      "width": "24rem",
    }
  }
>
  <a
    data-testid="blog-card"
    href="https://medium.com/@thelousavoie"
  >
    <img
      alt="Failed to fetch blog posts :("
      className="card-img-top card-img-top-center-cropped"
      src="./img/logo512.png"
    />
    <div
      className="card-body"
    >
      <h3
        className="card-title"
      >
        Failed to fetch blog posts :(
      </h3>
      <p
        className="card-text"
      >
        The RSS feed for thelousavoie is temporarily unavailable. Please check back again later! Sorry, for the inconvenience....
      </p>
      <h4
        className="card-title"
      >
        Published: 00/00/0000
      </h4>
    </div>
  </a>
</div>
`;
