// Jest Snapshot v1, https://goo.gl/fbAQLP

exports[`matches snapshot 1`] = `
<a
  data-testid="blog-card"
  href="https://medium.com/@thelousavoie"
>
  <div
    className="card"
    style={
      Object {
        "width": "18rem",
      }
    }
  >
    <img
      alt="Failed to fetch blog posts :("
      className="card-img-top"
      src="./img/logo512.png"
    />
    <div
      className="card-body"
    >
      <div
        className="card-title h5"
      >
        Failed to fetch blog posts :(
      </div>
      <p
        className="card-text"
      >
        The RSS feed for thelousavoie is temporarily unavailable. Please check back again later! Sorry, for the inconvenience....
      </p>
      <p
        className="card-text"
      >
        Published: 00/00/0000
      </p>
    </div>
  </div>
</a>
`;
